Copyright 1986-2022 Xilinx, Inc. All Rights Reserved. Copyright 2022-2026 Advanced Micro Devices, Inc. All Rights Reserved.
--------------------------------------------------------------------------------------------------------------------------------------------------------------------------
| Tool Version : Vivado v.2026.1 (win64) Build 6511674 Tue Jun 16 11:02:23 MDT 2026
| Date         : Mon Sep 28 12:32:41 2026
| Host         : BOOK-SF3MGKKSOK running 64-bit major release  (build 9200)
| Command      : report_methodology -file lab3_rgb_pwm_methodology_drc_routed.rpt -pb lab3_rgb_pwm_methodology_drc_routed.pb -rpx lab3_rgb_pwm_methodology_drc_routed.rpx
| Design       : lab3_rgb_pwm
| Device       : xc7s75fgga484-1
| Speed File   : -1
| Design State : Fully Routed
--------------------------------------------------------------------------------------------------------------------------------------------------------------------------

Report Methodology

Table of Contents
-----------------
1. REPORT SUMMARY
2. REPORT DETAILS

1. REPORT SUMMARY
-----------------
            Netlist: netlist
          Floorplan: design_1
      Design limits: <entire design considered>
             Max checks: <unlimited>
             Checks found: 12
+-----------+----------+-------------------------------+--------+
| Rule      | Severity | Description                   | Checks |
+-----------+----------+-------------------------------+--------+
| TIMING-18 | Warning  | Missing input or output delay | 12     |
+-----------+----------+-------------------------------+--------+

2. REPORT DETAILS
-----------------
TIMING-18#1 Warning
Missing input or output delay  
An output delay is missing on led_b[0] relative to the rising and/or falling clock edge(s) of clk_50mhz.
Related violations: <none>

TIMING-18#2 Warning
Missing input or output delay  
An output delay is missing on led_b[1] relative to the rising and/or falling clock edge(s) of clk_50mhz.
Related violations: <none>

TIMING-18#3 Warning
Missing input or output delay  
An output delay is missing on led_b[2] relative to the rising and/or falling clock edge(s) of clk_50mhz.
Related violations: <none>

TIMING-18#4 Warning
Missing input or output delay  
An output delay is missing on led_b[3] relative to the rising and/or falling clock edge(s) of clk_50mhz.
Related violations: <none>

TIMING-18#5 Warning
Missing input or output delay  
An output delay is missing on led_g[0] relative to the rising and/or falling clock edge(s) of clk_50mhz.
Related violations: <none>

TIMING-18#6 Warning
Missing input or output delay  
An output delay is missing on led_g[1] relative to the rising and/or falling clock edge(s) of clk_50mhz.
Related violations: <none>

TIMING-18#7 Warning
Missing input or output delay  
An output delay is missing on led_g[2] relative to the rising and/or falling clock edge(s) of clk_50mhz.
Related violations: <none>

TIMING-18#8 Warning
Missing input or output delay  
An output delay is missing on led_g[3] relative to the rising and/or falling clock edge(s) of clk_50mhz.
Related violations: <none>

TIMING-18#9 Warning
Missing input or output delay  
An output delay is missing on led_r[0] relative to the rising and/or falling clock edge(s) of clk_50mhz.
Related violations: <none>

TIMING-18#10 Warning
Missing input or output delay  
An output delay is missing on led_r[1] relative to the rising and/or falling clock edge(s) of clk_50mhz.
Related violations: <none>

TIMING-18#11 Warning
Missing input or output delay  
An output delay is missing on led_r[2] relative to the rising and/or falling clock edge(s) of clk_50mhz.
Related violations: <none>

TIMING-18#12 Warning
Missing input or output delay  
An output delay is missing on led_r[3] relative to the rising and/or falling clock edge(s) of clk_50mhz.
Related violations: <none>


