
*** Running vivado
    with args -log lab3_rgb_pwm.vds -m64 -product Vivado -mode batch -messageDb vivado.pb -notrace -source lab3_rgb_pwm.tcl


INFO: [Common 17-3922] A valid Vivado Design Suite BASIC license has been detected. Your current license is active and will expire on 10-sep-2027.
#-----------------------------------------------------------
# Vivado v2026.1 (64-bit)
# SW Build 6511674 on Tue Jun 16 11:02:23 MDT 2026
# IP Build 6504888 on Tue Jun 09 09:05:25 MDT 2026
# SharedData Build 6501428 on Mon Jun 08 17:34:18 MDT 2026
# Start of session at: Mon Sep 28 12:28:28 2026
# Process ID         : 28556
# Current directory  : C:/Users/sumin/lab3_20_rgb_pwm/02_rgb_pwm.runs/synth_1
# Command line       : vivado.exe -log lab3_rgb_pwm.vds -product Vivado -mode batch -messageDb vivado.pb -notrace -source lab3_rgb_pwm.tcl
# Log file           : C:/Users/sumin/lab3_20_rgb_pwm/02_rgb_pwm.runs/synth_1/lab3_rgb_pwm.vds
# Journal file       : C:/Users/sumin/lab3_20_rgb_pwm/02_rgb_pwm.runs/synth_1\vivado.jou
# Running On         : BOOK-SF3MGKKSOK
# Platform           : Windows 11
# Operating System   : 26200
# Processor Detail   : 12th Gen Intel(R) Core(TM) i7-1260P
# CPU Frequency      : 2496 MHz
# CPU Physical cores : 12
# CPU Logical cores  : 16
# Host memory        : 16774 MB
# Swap memory        : 2281 MB
# Total Virtual      : 19055 MB
# Available Virtual  : 6689 MB
#-----------------------------------------------------------

****** Vivado v2026.1 (64-bit)
  **** SW Build 6511674 on Tue Jun 16 11:02:23 MDT 2026
  **** IP Build 6504888 on Tue Jun 09 09:05:25 MDT 2026
  **** SharedData Build 6501428 on Mon Jun 08 17:34:18 MDT 2026
  **** Start of session at: Mon Sep 28 12:28:28 2026
    ** Copyright 1986-2022 Xilinx, Inc. All Rights Reserved.
    ** Copyright 2022-2026 Advanced Micro Devices, Inc. All Rights Reserved.

source lab3_rgb_pwm.tcl -notrace
create_project: Time (s): cpu = 00:00:10 ; elapsed = 00:00:07 . Memory (MB): peak = 581.160 ; gain = 268.582
Command: synth_design -top lab3_rgb_pwm -part xc7s75fgga484-1
Starting synth_design
Attempting to get a license for feature 'Vivado_Synthesis' and/or device 'xc7s75'
INFO: [Common 17-349] Got license for feature 'Vivado_Synthesis' and/or device 'xc7s75'
INFO: [Device 21-403] Loading part xc7s75fgga484-1
INFO: [Designutils 20-5008] Incremental synthesis strategy default
INFO: [Synth 8-7079] Multithreading enabled for synth_design using a maximum of 2 processes.
INFO: [Synth 8-7078] Launching helper process for spawning children vivado processes
INFO: [Synth 8-7075] Helper process launched with PID 20616
---------------------------------------------------------------------------------
Starting RTL Elaboration : Time (s): cpu = 00:00:10 ; elapsed = 00:00:11 . Memory (MB): peak = 1334.770 ; gain = 581.914
---------------------------------------------------------------------------------
INFO: [Synth 8-6157] synthesizing module 'lab3_rgb_pwm' [C:/Users/sumin/lab3_20_rgb_pwm/src/lab3_rgb_pwm.v:2]
INFO: [Synth 8-6157] synthesizing module 'button_onepulse' [C:/Users/sumin/lab3_20_rgb_pwm/src/button_onepulse.v:2]
	Parameter STABLE_CYCLES bound to: 1000000 - type: integer 
INFO: [Synth 8-6155] done synthesizing module 'button_onepulse' (0#1) [C:/Users/sumin/lab3_20_rgb_pwm/src/button_onepulse.v:2]
INFO: [Synth 8-6157] synthesizing module 'pwm_channel' [C:/Users/sumin/lab3_20_rgb_pwm/src/pwm_channel.v:2]
	Parameter PERIOD_CYCLES bound to: 50000 - type: integer 
	Parameter LEVELS bound to: 10 - type: integer 
INFO: [Synth 8-6155] done synthesizing module 'pwm_channel' (0#1) [C:/Users/sumin/lab3_20_rgb_pwm/src/pwm_channel.v:2]
INFO: [Synth 8-6155] done synthesizing module 'lab3_rgb_pwm' (0#1) [C:/Users/sumin/lab3_20_rgb_pwm/src/lab3_rgb_pwm.v:2]
---------------------------------------------------------------------------------
Finished RTL Elaboration : Time (s): cpu = 00:00:13 ; elapsed = 00:00:15 . Memory (MB): peak = 1453.809 ; gain = 700.953
---------------------------------------------------------------------------------
---------------------------------------------------------------------------------
Start Handling Custom Attributes
---------------------------------------------------------------------------------
---------------------------------------------------------------------------------
Finished Handling Custom Attributes : Time (s): cpu = 00:00:13 ; elapsed = 00:00:16 . Memory (MB): peak = 1453.809 ; gain = 700.953
---------------------------------------------------------------------------------
---------------------------------------------------------------------------------
Finished RTL Optimization Phase 1 : Time (s): cpu = 00:00:13 ; elapsed = 00:00:16 . Memory (MB): peak = 1453.809 ; gain = 700.953
---------------------------------------------------------------------------------
Netlist sorting complete. Time (s): cpu = 00:00:00 ; elapsed = 00:00:00.003 . Memory (MB): peak = 1453.809 ; gain = 0.000
INFO: [Project 1-570] Preparing netlist for logic optimization

Processing XDC Constraints
Initializing timing engine
Parsing XDC File [C:/Users/sumin/lab3_20_rgb_pwm/constraints/lab3_rgb_pwm.xdc]
Finished Parsing XDC File [C:/Users/sumin/lab3_20_rgb_pwm/constraints/lab3_rgb_pwm.xdc]
INFO: [Project 1-236] Implementation specific constraints were found while reading constraint file [C:/Users/sumin/lab3_20_rgb_pwm/constraints/lab3_rgb_pwm.xdc]. These constraints will be ignored for synthesis but will be used in implementation. Impacted constraints are listed in the file [.Xil/lab3_rgb_pwm_propImpl.xdc].
Resolution: To avoid this warning, move constraints listed in [.Xil/lab3_rgb_pwm_propImpl.xdc] to another XDC file and exclude this new file from synthesis with the used_in_synthesis property (File Properties dialog in GUI) and re-run elaboration/synthesis.
Completed Processing XDC Constraints

Netlist sorting complete. Time (s): cpu = 00:00:00 ; elapsed = 00:00:00 . Memory (MB): peak = 1530.031 ; gain = 0.000
INFO: [Project 1-111] Unisim Transformation Summary:
No Unisim elements were transformed.

Constraint Validation Runtime : Time (s): cpu = 00:00:00 ; elapsed = 00:00:00.011 . Memory (MB): peak = 1530.152 ; gain = 0.000
---------------------------------------------------------------------------------
Finished Constraint Validation : Time (s): cpu = 00:00:29 ; elapsed = 00:00:33 . Memory (MB): peak = 1530.152 ; gain = 777.297
---------------------------------------------------------------------------------
---------------------------------------------------------------------------------
Start Loading Part and Timing Information
---------------------------------------------------------------------------------
Loading part: xc7s75fgga484-1
---------------------------------------------------------------------------------
Finished Loading Part and Timing Information : Time (s): cpu = 00:00:29 ; elapsed = 00:00:33 . Memory (MB): peak = 1530.152 ; gain = 777.297
---------------------------------------------------------------------------------
---------------------------------------------------------------------------------
Start Applying 'set_property' XDC Constraints
---------------------------------------------------------------------------------
---------------------------------------------------------------------------------
Finished applying 'set_property' XDC Constraints : Time (s): cpu = 00:00:29 ; elapsed = 00:00:33 . Memory (MB): peak = 1530.152 ; gain = 777.297
---------------------------------------------------------------------------------
---------------------------------------------------------------------------------
Finished RTL Optimization Phase 2 : Time (s): cpu = 00:00:29 ; elapsed = 00:00:34 . Memory (MB): peak = 1530.152 ; gain = 777.297
---------------------------------------------------------------------------------
---------------------------------------------------------------------------------
Start RTL Component Statistics 
---------------------------------------------------------------------------------
Detailed RTL Component Info : 
+---Adders : 
	   2 Input   20 Bit       Adders := 3     
	   2 Input   16 Bit       Adders := 3     
	   2 Input    4 Bit       Adders := 3     
+---Registers : 
	               20 Bit    Registers := 3     
	               16 Bit    Registers := 3     
	                4 Bit    Registers := 3     
	                1 Bit    Registers := 15    
+---Muxes : 
	   2 Input   32 Bit        Muxes := 3     
	   2 Input   20 Bit        Muxes := 3     
	   2 Input    4 Bit        Muxes := 3     
---------------------------------------------------------------------------------
Finished RTL Component Statistics 
---------------------------------------------------------------------------------
---------------------------------------------------------------------------------
Start Part Resource Summary
---------------------------------------------------------------------------------
Part Resources:
DSPs: 140 (col length:80)
BRAMs: 180 (col length: RAMB18 80 RAMB36 40)
---------------------------------------------------------------------------------
Finished Part Resource Summary
---------------------------------------------------------------------------------
---------------------------------------------------------------------------------
Start Cross Boundary and Area Optimization
---------------------------------------------------------------------------------
---------------------------------------------------------------------------------
Finished Cross Boundary and Area Optimization : Time (s): cpu = 00:00:36 ; elapsed = 00:00:41 . Memory (MB): peak = 1601.152 ; gain = 848.297
---------------------------------------------------------------------------------
---------------------------------------------------------------------------------
Start Applying XDC Timing Constraints
---------------------------------------------------------------------------------
---------------------------------------------------------------------------------
Finished Applying XDC Timing Constraints : Time (s): cpu = 00:00:41 ; elapsed = 00:00:45 . Memory (MB): peak = 1694.172 ; gain = 941.316
---------------------------------------------------------------------------------
---------------------------------------------------------------------------------
Start Timing Optimization
---------------------------------------------------------------------------------
---------------------------------------------------------------------------------
Finished Timing Optimization : Time (s): cpu = 00:00:42 ; elapsed = 00:00:46 . Memory (MB): peak = 1725.922 ; gain = 973.066
---------------------------------------------------------------------------------
---------------------------------------------------------------------------------
Start Technology Mapping
---------------------------------------------------------------------------------
---------------------------------------------------------------------------------
Finished Technology Mapping : Time (s): cpu = 00:00:42 ; elapsed = 00:00:47 . Memory (MB): peak = 1746.254 ; gain = 993.398
---------------------------------------------------------------------------------
---------------------------------------------------------------------------------
Start IO Insertion
---------------------------------------------------------------------------------
---------------------------------------------------------------------------------
Start Flattening Before IO Insertion
---------------------------------------------------------------------------------
---------------------------------------------------------------------------------
Finished Flattening Before IO Insertion
---------------------------------------------------------------------------------
---------------------------------------------------------------------------------
Start Final Netlist Cleanup
---------------------------------------------------------------------------------
---------------------------------------------------------------------------------
Finished Final Netlist Cleanup
---------------------------------------------------------------------------------
---------------------------------------------------------------------------------
Finished IO Insertion : Time (s): cpu = 00:00:46 ; elapsed = 00:00:51 . Memory (MB): peak = 1985.082 ; gain = 1232.227
---------------------------------------------------------------------------------
---------------------------------------------------------------------------------
Start Renaming Generated Instances
---------------------------------------------------------------------------------
---------------------------------------------------------------------------------
Finished Renaming Generated Instances : Time (s): cpu = 00:00:46 ; elapsed = 00:00:51 . Memory (MB): peak = 1985.082 ; gain = 1232.227
---------------------------------------------------------------------------------
---------------------------------------------------------------------------------
Start Rebuilding User Hierarchy
---------------------------------------------------------------------------------
---------------------------------------------------------------------------------
Finished Rebuilding User Hierarchy : Time (s): cpu = 00:00:46 ; elapsed = 00:00:51 . Memory (MB): peak = 1985.082 ; gain = 1232.227
---------------------------------------------------------------------------------
---------------------------------------------------------------------------------
Start Renaming Generated Ports
---------------------------------------------------------------------------------
---------------------------------------------------------------------------------
Finished Renaming Generated Ports : Time (s): cpu = 00:00:46 ; elapsed = 00:00:51 . Memory (MB): peak = 1985.082 ; gain = 1232.227
---------------------------------------------------------------------------------
---------------------------------------------------------------------------------
Start Handling Custom Attributes
---------------------------------------------------------------------------------
---------------------------------------------------------------------------------
Finished Handling Custom Attributes : Time (s): cpu = 00:00:46 ; elapsed = 00:00:51 . Memory (MB): peak = 1985.082 ; gain = 1232.227
---------------------------------------------------------------------------------
---------------------------------------------------------------------------------
Start Renaming Generated Nets
---------------------------------------------------------------------------------
---------------------------------------------------------------------------------
Finished Renaming Generated Nets : Time (s): cpu = 00:00:46 ; elapsed = 00:00:51 . Memory (MB): peak = 1985.082 ; gain = 1232.227
---------------------------------------------------------------------------------
---------------------------------------------------------------------------------
Start Writing Synthesis Report
---------------------------------------------------------------------------------

Report BlackBoxes: 
+-+--------------+----------+
| |BlackBox name |Instances |
+-+--------------+----------+
+-+--------------+----------+

Report Cell Usage: 
+------+-------+------+
|      |Cell   |Count |
+------+-------+------+
|1     |BUFG   |     1|
|2     |CARRY4 |    45|
|3     |LUT1   |     9|
|4     |LUT2   |    78|
|5     |LUT3   |    36|
|6     |LUT4   |    93|
|7     |LUT5   |    54|
|8     |LUT6   |    75|
|9     |FDCE   |   135|
|10    |IBUF   |     5|
|11    |OBUF   |    12|
+------+-------+------+
---------------------------------------------------------------------------------
Finished Writing Synthesis Report : Time (s): cpu = 00:00:46 ; elapsed = 00:00:51 . Memory (MB): peak = 1985.082 ; gain = 1232.227
---------------------------------------------------------------------------------
Synthesis finished with 0 errors, 0 critical warnings and 0 warnings.
Synthesis Optimization Runtime : Time (s): cpu = 00:00:29 ; elapsed = 00:00:46 . Memory (MB): peak = 1985.082 ; gain = 1155.883
Synthesis Optimization Complete : Time (s): cpu = 00:00:46 ; elapsed = 00:00:51 . Memory (MB): peak = 1985.082 ; gain = 1232.227
INFO: [Project 1-571] Translating synthesized netlist
Netlist sorting complete. Time (s): cpu = 00:00:00 ; elapsed = 00:00:00.006 . Memory (MB): peak = 1994.277 ; gain = 0.000
INFO: [Netlist 29-17] Analyzing 45 Unisim elements for replacement
INFO: [Netlist 29-28] Unisim Transformation completed in 0 CPU seconds
INFO: [Project 1-570] Preparing netlist for logic optimization
INFO: [Opt 31-138] Pushed 0 inverter(s) to 0 load pin(s).
Netlist sorting complete. Time (s): cpu = 00:00:00 ; elapsed = 00:00:00.001 . Memory (MB): peak = 1997.914 ; gain = 0.000
INFO: [Project 1-111] Unisim Transformation Summary:
No Unisim elements were transformed.

Synth Design complete | Checksum: 40246e61
INFO: [Common 17-83] Releasing license: Vivado_Synthesis
22 Infos, 0 Warnings, 0 Critical Warnings and 0 Errors encountered.
synth_design completed successfully
synth_design: Time (s): cpu = 00:00:53 ; elapsed = 00:01:15 . Memory (MB): peak = 1997.949 ; gain = 1416.789
Write ShapeDB Complete: Time (s): cpu = 00:00:00 ; elapsed = 00:00:00.006 . Memory (MB): peak = 1997.949 ; gain = 0.000
INFO: [Common 17-1381] The checkpoint 'C:/Users/sumin/lab3_20_rgb_pwm/02_rgb_pwm.runs/synth_1/lab3_rgb_pwm.dcp' has been generated.
INFO: [Vivado 12-24828] Executing command : report_utilization -file lab3_rgb_pwm_utilization_synth.rpt -pb lab3_rgb_pwm_utilization_synth.pb
INFO: [Common 17-206] Exiting Vivado at Mon Sep 28 12:29:53 2026...
